Microchip MPLAB XC8 Compiler V2.46

Linker command line:

-W-3 \
  --edf=C:/Users/iProf/.mchp_packs/Microchip/PIC18F-Q_DFP/1.25.433/xc8\pic\dat\20240223164052_en.msgs \
  -cn -h+dist/default/production\I2C_MANUAL_LCD.X.production.sym \
  --cmf=dist/default/production\I2C_MANUAL_LCD.X.production.cmf -z \
  -Q18F57Q43 -oC:\Users\iProf\AppData\Local\Temp\xcAssts.\driver_tmp_3.o \
  --defsym=__MPLAB_BUILD=1 --fixupoverflow=error \
  -Mdist/default/production/I2C_MANUAL_LCD.X.production.map \
  --md=C:\Users\iProf\AppData\Local\Temp\xcAssts.\driver_tmp_0.dat -E1 \
  -ver=XC8 Compiler --acfsm=1493 -ACODE=00h-01FFFFh -ACONST=00h-01FFFFh \
  -ASMALLCONST=02500h-025FFhx475 \
  -AMEDIUMCONST=02500h-0FFFFh,012500h-01FFFFh -ACOMRAM=0501h-055Fh \
  -AABS1=0500h-024FFh -ABIGRAM=0501h-024FFh \
  -ARAM=0560h-05FFh,0600h-06FFhx31 -ABANK5=0560h-05FFh -ABANK6=0600h-06FFh \
  -ABANK7=0700h-07FFh -ABANK8=0800h-08FFh -ABANK9=0900h-09FFh \
  -ABANK10=0A00h-0AFFh -ABANK11=0B00h-0BFFh -ABANK12=0C00h-0CFFh \
  -ABANK13=0D00h-0DFFh -ABANK14=0E00h-0EFFh -ABANK15=0F00h-0FFFh \
  -ABANK16=01000h-010FFh -ABANK17=01100h-011FFh -ABANK18=01200h-012FFh \
  -ABANK19=01300h-013FFh -ABANK20=01400h-014FFh -ABANK21=01500h-015FFh \
  -ABANK22=01600h-016FFh -ABANK23=01700h-017FFh -ABANK24=01800h-018FFh \
  -ABANK25=01900h-019FFh -ABANK26=01A00h-01AFFh -ABANK27=01B00h-01BFFh \
  -ABANK28=01C00h-01CFFh -ABANK29=01D00h-01DFFh -ABANK30=01E00h-01EFFh \
  -ABANK31=01F00h-01FFFh -ABANK32=02000h-020FFh -ABANK33=02100h-021FFh \
  -ABANK34=02200h-022FFh -ABANK35=02300h-023FFh -ABANK36=02400h-024FFh \
  -ASFR=00h-0FFhx4,0400h-045Fh,0460h-04FFh,02500h-025FFh \
  -ABIGSFR=00h-04FFh,02500h-025FFh -ACONFIG=0300000h-0300011h \
  -AIDLOC=0200000h-020003Fh -AEEDATA=0380000h-03803FFh -peeprom_data=EEDATA \
  -preset_vec=00h -ppowerup=CODE,init -pramtop=02500h \
  -psmallconst=SMALLCONST -pmediumconst=MEDIUMCONST -pconst=CONST \
  -AFARRAM=00h-00h \
  -prdata=COMRAM,nvrram=COMRAM,nvbit=COMRAM,rbss=COMRAM,rbit=COMRAM \
  -pfarbss=FARRAM,fardata=FARRAM,nvFARRAM=FARRAM \
  -pintsave_regs=BIGRAM,bigbss=BIGRAM,bigdata=BIGRAM -pbss=RAM \
  -pidata=CODE,irdata=CODE,ibigdata=CODE,ifardata=CODE -prparam=COMRAM \
  C:\Users\iProf\AppData\Local\Temp\xcAssts.\driver_tmp_9.o \
  dist/default/production\I2C_MANUAL_LCD.X.production.o 

Object code version is 3.11

Machine type is 18F57Q43



                Name                               Link     Load   Length Selector   Space Scale
C:\Users\iProf\AppData\Local\Temp\xcAssts.\driver_tmp_9.o
                config                           300000   300000        A        0       4
                init                              1FFFC    1FFFC        4     FFFE       0
                reset_vec                             0        0        4        0       0
dist/default/production\I2C_MANUAL_LCD.X.production.o
                config                           300000   300000        A        0       4
                smallconst                         2500     2500       42     1280       0
                text72                             3116     3116       14     12A1       0
                text71                             2FEC     2FEC       22     12A1       0
                text70                             2D94     2D94       3E     12A1       0
                text69                             31DC     31DC        8     12A1       0
                text68                             318C     318C        C     12A1       0
                text67                             3062     3062       1C     12A1       0
                text66                             2F32     2F32       2A     12A1       0
                text65                             321A     321A        6     12A1       0
                text64                             3214     3214        6     12A1       0
                text63                             320E     320E        6     12A1       0
                text62                             30EC     30EC       16     12A1       0
                text61                             30D6     30D6       16     12A1       0
                text60                             30C0     30C0       16     12A1       0
                text59                             2CB2     2CB2       52     12A1       0
                text58                             2FCA     2FCA       22     12A1       0
                text57                             293C     293C       80     12A1       0
                text56                             3046     3046       1C     12A1       0
                text55                             2ED8     2ED8       30     12A1       0
                text54                             322C     322C        4     12A1       0
                text53                             3228     3228        4     12A1       0
                text52                             2EA8     2EA8       30     12A1       0
                text51                             2E78     2E78       30     12A1       0
                text50                             2E48     2E48       30     12A1       0
                text49                             2D50     2D50       44     12A1       0
                text48                             31A2     31A2        A     12A1       0
                text47                             3208     3208        6     12A1       0
                text46                             3202     3202        6     12A1       0
                text45                             31D4     31D4        8     12A1       0
                text44                             31CC     31CC        8     12A1       0
                text43                             31FC     31FC        6     12A1       0
                text42                             30AA     30AA       16     12A1       0
                text41                             31F6     31F6        6     12A1       0
                text40                             31F0     31F0        6     12A1       0
                text39                             31EA     31EA        6     12A1       0
                text38                             31E4     31E4        6     12A1       0
                text37                             3094     3094       16     12A1       0
                text36                             307E     307E       16     12A1       0
                text35                             31C4     31C4        8     12A1       0
                text34                             3198     3198        A     12A1       0
                text33                             2F08     2F08       2A     12A1       0
                text32                             3102     3102       14     12A1       0
                text31                             2542     2542      120     12A1       0
                text30                             27A2     27A2       90     12A1       0
                text29                             29BC     29BC       7A     12A1       0
                text28                             2704     2704       9E     12A1       0
                text27                             3180     3180        C     12A1       0
                text26                             3224     3224        4     12A1       0
                text25                             3220     3220        4     12A1       0
                text24                             2F5C     2F5C       28     12A1       0
                text23                             31BC     31BC        8     12A1       0
                text22                             3172     3172        E     12A1       0
                text21                             31B4     31B4        8     12A1       0
                text20                             3164     3164        E     12A1       0
                text19                             2B20     2B20       6C     12A1       0
                text18                             2AAC     2AAC       74     12A1       0
                text17                             3156     3156        E     12A1       0
                text16                             2B8C     2B8C       6A     12A1       0
                text15                             2C58     2C58       5A     12A1       0
                text14                             302A     302A       1C     12A1       0
                text13                             2D04     2D04       4C     12A1       0
                text12                             31AC     31AC        8     12A1       0
                text11                             2FA8     2FA8       22     12A1       0
                text10                             2662     2662       A2     12A1       0
                text9                              300E     300E       1C     12A1       0
                text8                              2A36     2A36       76     12A1       0
                text7                              312A     312A       10     12A1       0
                text6                              28B8     28B8       84     12A1       0
                text5                              2E0E     2E0E       3A     12A1       0
                text4                              3148     3148        E     12A1       0
                text3                              2832     2832       86     12A1       0
                text2                              313A     313A        E     12A1       0
                text1                              2DD2     2DD2       3C     12A1       0
                text0                              2BF6     2BF6       62     12A1       0
                cstackCOMRAM                        52E      52E       24      501       1
                dataCOMRAM                          552      552        1      501       1
                bssCOMRAM                           501      501       2D      501       1
                cinit                              2F84     2F84       24     12A1       0
                idataCOMRAM                        3230     3230        1     12A1       0

TOTAL           Name                               Link     Load   Length     Space
        CLASS   CODE           
                init                              1FFFC    1FFFC        4         0
                reset_vec                             0        0        4         0
                text72                             3116     3116       14         0
                text71                             2FEC     2FEC       22         0
                text70                             2D94     2D94       3E         0
                text69                             31DC     31DC        8         0
                text68                             318C     318C        C         0
                text67                             3062     3062       1C         0
                text66                             2F32     2F32       2A         0
                text65                             321A     321A        6         0
                text64                             3214     3214        6         0
                text63                             320E     320E        6         0
                text62                             30EC     30EC       16         0
                text61                             30D6     30D6       16         0
                text60                             30C0     30C0       16         0
                text59                             2CB2     2CB2       52         0
                text58                             2FCA     2FCA       22         0
                text57                             293C     293C       80         0
                text56                             3046     3046       1C         0
                text55                             2ED8     2ED8       30         0
                text54                             322C     322C        4         0
                text53                             3228     3228        4         0
                text52                             2EA8     2EA8       30         0
                text51                             2E78     2E78       30         0
                text50                             2E48     2E48       30         0
                text49                             2D50     2D50       44         0
                text48                             31A2     31A2        A         0
                text47                             3208     3208        6         0
                text46                             3202     3202        6         0
                text45                             31D4     31D4        8         0
                text44                             31CC     31CC        8         0
                text43                             31FC     31FC        6         0
                text42                             30AA     30AA       16         0
                text41                             31F6     31F6        6         0
                text40                             31F0     31F0        6         0
                text39                             31EA     31EA        6         0
                text38                             31E4     31E4        6         0
                text37                             3094     3094       16         0
                text36                             307E     307E       16         0
                text35                             31C4     31C4        8         0
                text34                             3198     3198        A         0
                text33                             2F08     2F08       2A         0
                text32                             3102     3102       14         0
                text31                             2542     2542      120         0
                text30                             27A2     27A2       90         0
                text29                             29BC     29BC       7A         0
                text28                             2704     2704       9E         0
                text27                             3180     3180        C         0
                text26                             3224     3224        4         0
                text25                             3220     3220        4         0
                text24                             2F5C     2F5C       28         0
                text23                             31BC     31BC        8         0
                text22                             3172     3172        E         0
                text21                             31B4     31B4        8         0
                text20                             3164     3164        E         0
                text19                             2B20     2B20       6C         0
                text18                             2AAC     2AAC       74         0
                text17                             3156     3156        E         0
                text16                             2B8C     2B8C       6A         0
                text15                             2C58     2C58       5A         0
                text14                             302A     302A       1C         0
                text13                             2D04     2D04       4C         0
                text12                             31AC     31AC        8         0
                text11                             2FA8     2FA8       22         0
                text10                             2662     2662       A2         0
                text9                              300E     300E       1C         0
                text8                              2A36     2A36       76         0
                text7                              312A     312A       10         0
                text6                              28B8     28B8       84         0
                text5                              2E0E     2E0E       3A         0
                text4                              3148     3148        E         0
                text3                              2832     2832       86         0
                text2                              313A     313A        E         0
                text1                              2DD2     2DD2       3C         0
                text0                              2BF6     2BF6       62         0
                cinit                              2F84     2F84       24         0
                idataCOMRAM                        3230     3230        1         0

        CLASS   CONST          

        CLASS   SMALLCONST     
                smallconst                         2500     2500       42         0

        CLASS   MEDIUMCONST    

        CLASS   COMRAM         
                cstackCOMRAM                        52E      52E       24         1
                dataCOMRAM                          552      552        1         1
                bssCOMRAM                           501      501       2D         1

        CLASS   ABS1           

        CLASS   BIGRAM         

        CLASS   RAM            

        CLASS   BANK5          

        CLASS   BANK6          

        CLASS   BANK7          

        CLASS   BANK8          

        CLASS   BANK9          

        CLASS   BANK10         

        CLASS   BANK11         

        CLASS   BANK12         

        CLASS   BANK13         

        CLASS   BANK14         

        CLASS   BANK15         

        CLASS   BANK16         

        CLASS   BANK17         

        CLASS   BANK18         

        CLASS   BANK19         

        CLASS   BANK20         

        CLASS   BANK21         

        CLASS   BANK22         

        CLASS   BANK23         

        CLASS   BANK24         

        CLASS   BANK25         

        CLASS   BANK26         

        CLASS   BANK27         

        CLASS   BANK28         

        CLASS   BANK29         

        CLASS   BANK30         

        CLASS   BANK31         

        CLASS   BANK32         

        CLASS   BANK33         

        CLASS   BANK34         

        CLASS   BANK35         

        CLASS   BANK36         

        CLASS   SFR            

        CLASS   BIGSFR         

        CLASS   CONFIG         
                config                           300000   300000        A         4

        CLASS   IDLOC          

        CLASS   EEDATA         

        CLASS   FARRAM         

        CLASS   HEAP           

        CLASS   STACK          



SEGMENTS        Name                           Load    Length   Top    Selector   Space  Class

                reset_vec                      000000  000004  000004         0       0  CODE    
                bssCOMRAM                      000501  000052  000553       501       1  COMRAM  
                smallconst                     002500  000042  002542      1280       0  SMALLCON
                text31                         002542  000CEF  003231      12A1       0  CODE    
                init                           01FFFC  000004  020000      FFFE       0  CODE    


UNUSED ADDRESS RANGES

        Name                Unused          Largest block    Delta
        BANK10           000A00-000AFF              100
        BANK11           000B00-000BFF              100
        BANK12           000C00-000CFF              100
        BANK13           000D00-000DFF              100
        BANK14           000E00-000EFF              100
        BANK15           000F00-000FFF              100
        BANK16           001000-0010FF              100
        BANK17           001100-0011FF              100
        BANK18           001200-0012FF              100
        BANK19           001300-0013FF              100
        BANK20           001400-0014FF              100
        BANK21           001500-0015FF              100
        BANK22           001600-0016FF              100
        BANK23           001700-0017FF              100
        BANK24           001800-0018FF              100
        BANK25           001900-0019FF              100
        BANK26           001A00-001AFF              100
        BANK27           001B00-001BFF              100
        BANK28           001C00-001CFF              100
        BANK29           001D00-001DFF              100
        BANK30           001E00-001EFF              100
        BANK31           001F00-001FFF              100
        BANK32           002000-0020FF              100
        BANK33           002100-0021FF              100
        BANK34           002200-0022FF              100
        BANK35           002300-0023FF              100
        BANK36           002400-0024FF              100
        BANK5            000560-0005FF               A0
        BANK6            000600-0006FF              100
        BANK7            000700-0007FF              100
        BANK8            000800-0008FF              100
        BANK9            000900-0009FF              100
        BIGRAM           000553-0024FF             1FAD
        BIGSFR           000000-0004FF              500
                         002500-0025FF              100
        CODE             000004-0024FF             24FC
                         003231-01FFFB            1CDCB
        COMRAM           000553-00055F                D
        CONFIG           30000A-300011                8
        CONST            000004-0024FF             24FC
                         003231-01FFFB            1CDCB
        EEDATA           380000-3803FF              400
        IDLOC            200000-20003F               40
        MEDIUMCONST      003231-00FFFF             CDCF
                         012500-01FFFB             DAFC
        RAM              000560-0024FF              100
        SFR              000000-0004FF              100
                         002500-0025FF              100
        SMALLCONST       003231-01FFFB              100

                                  Symbol Table

I2C1_Close@returnValue                cstackCOMRAM 00052E
I2C1_DO_RX@retFsmState                cstackCOMRAM 00053F
I2C1_DO_TX@dataTx                     cstackCOMRAM 00053F
I2C1_DO_TX@retFsmState                cstackCOMRAM 000540
I2C1_MasterOperation@read             cstackCOMRAM 000542
I2C1_MasterOperation@returnValue      cstackCOMRAM 000543
I2C1_MasterSendTxData@data            cstackCOMRAM 00052E
I2C1_MasterSetCounter@counter         cstackCOMRAM 00052E
I2C1_Open@address                     cstackCOMRAM 00052E
I2C1_Open@returnValue                 cstackCOMRAM 00052F
I2C1_SetAddressNackCallback@cb        cstackCOMRAM 000534
I2C1_SetAddressNackCallback@ptr       cstackCOMRAM 000537
I2C1_SetBuffer@buffer                 cstackCOMRAM 00052E
I2C1_SetBuffer@bufferSize             cstackCOMRAM 000530
I2C1_SetCallback@cb                   cstackCOMRAM 00052E
I2C1_SetCallback@idx                  cstackCOMRAM 000533
I2C1_SetCallback@ptr                  cstackCOMRAM 000531
I2C1_SetDataCompleteCallback@cb       cstackCOMRAM 000534
I2C1_SetDataCompleteCallback@ptr      cstackCOMRAM 000537
I2C1_Write@address                    cstackCOMRAM 000545
I2C1_Write@data                       cstackCOMRAM 000544
PCF_Wr@data                           cstackCOMRAM 000546
_ANSELCbits                           (abs)        000410
_ANSELF                               (abs)        000428
_ClockInit                            text72       003116
_I2C1CLK                              (abs)        00029C
_I2C1CNT                              (abs)        00028D
_I2C1CON0                             (abs)        000294
_I2C1CON0bits                         (abs)        000294
_I2C1CON1                             (abs)        000295
_I2C1CON1bits                         (abs)        000295
_I2C1CON2                             (abs)        000296
_I2C1ERR                              (abs)        000297
_I2C1ERRbits                          (abs)        000297
_I2C1PIE                              (abs)        00029B
_I2C1PIEbits                          (abs)        00029B
_I2C1PIR                              (abs)        00029A
_I2C1PIRbits                          (abs)        00029A
_I2C1RXB                              (abs)        00028B
_I2C1SCLPPS                           (abs)        000271
_I2C1SDAPPS                           (abs)        000270
_I2C1STAT1bits                        (abs)        000299
_I2C1TXB                              (abs)        00028C
_I2C1_CallbackReturnReset             text53       003228
_I2C1_CallbackReturnStop              text54       00322C
_I2C1_ClearInterruptFlags             text59       002CB2
_I2C1_Close                           text66       002F32
_I2C1_DO_ADDRESS_NACK                 text19       002B20
_I2C1_DO_BUS_COLLISION                text18       002AAC
_I2C1_DO_BUS_ERROR                    text17       003156
_I2C1_DO_IDLE                         text34       003198
_I2C1_DO_RESET                        text20       003164
_I2C1_DO_RX                           text30       0027A2
_I2C1_DO_RX_ACK                       text23       0031BC
_I2C1_DO_RX_EMPTY                     text28       002704
_I2C1_DO_RX_NACK_RESTART              text21       0031B4
_I2C1_DO_RX_NACK_STOP                 text22       003172
_I2C1_DO_SEND_ADR_READ                text33       002F08
_I2C1_DO_SEND_ADR_WRITE               text32       003102
_I2C1_DO_SEND_RESTART                 text25       003220
_I2C1_DO_SEND_RESTART_READ            text27       003180
_I2C1_DO_SEND_RESTART_WRITE           text26       003224
_I2C1_DO_SEND_STOP                    text24       002F5C
_I2C1_DO_TX                           text31       002542
_I2C1_DO_TX$776                       cstackCOMRAM 00053D
_I2C1_DO_TX_ACK                       text35       0031C4
_I2C1_DO_TX_EMPTY                     text29       0029BC
_I2C1_Initialize                      text71       002FEC
_I2C1_MasterClearCountFlag            text65       00321A
_I2C1_MasterClearIrq                  text69       0031DC
_I2C1_MasterClearNackFlag             text64       003214
_I2C1_MasterClearStopFlag             text63       00320E
_I2C1_MasterClose                     text68       00318C
_I2C1_MasterDisableIrq                text67       003062
_I2C1_MasterDisableRestart            text47       003208
_I2C1_MasterEnableRestart             text46       003202
_I2C1_MasterFsm                       text16       002B8C
_I2C1_MasterGetCounter                text38       0031E4
_I2C1_MasterGetRxData                 text43       0031FC
_I2C1_MasterIsCountFlagSet            text62       0030EC
_I2C1_MasterIsNack                    text37       003094
_I2C1_MasterIsNackFlagSet             text61       0030D6
_I2C1_MasterIsRxBufFull               text42       0030AA
_I2C1_MasterIsStopFlagSet             text60       0030C0
_I2C1_MasterIsTxBufEmpty              text36       00307E
_I2C1_MasterOpen                      text11       002FA8
_I2C1_MasterOperation                 text13       002D04
_I2C1_MasterResetBus                  text48       0031A2
_I2C1_MasterSendAck                   text41       0031F6
_I2C1_MasterSendNack                  text40       0031F0
_I2C1_MasterSendTxData                text44       0031CC
_I2C1_MasterSetCounter                text45       0031D4
_I2C1_MasterStop                      text39       0031EA
_I2C1_MasterWaitForEvent              text15       002C58
_I2C1_MasterWrite                     text12       0031AC
_I2C1_Open                            text10       002662
_I2C1_Poller                          text14       00302A
_I2C1_SetAddressNackCallback          text9        00300E
_I2C1_SetBuffer                       text58       002FCA
_I2C1_SetCallback                     text57       00293C
_I2C1_SetDataCompleteCallback         text56       003046
_I2C1_Status                          bssCOMRAM    000501
_I2C1_Write                           text8        002A36
_LATFbits                             (abs)        0004C3
_ODCONCbits                           (abs)        000412
_OSCCON1bits                          (abs)        0000AD
_OSCFRQ                               (abs)        0000B1
_PCF_Wr                               text7        00312A
_PIE7bits                             (abs)        0004A5
_PIR7bits                             (abs)        0004B5
_PinInit                              text70       002D94
_RB1I2C                               (abs)        000289
_RB2I2C                               (abs)        000288
_RC3I2C                               (abs)        000287
_RC4I2C                               (abs)        000286
_RC5PPS                               (abs)        000216
_RC6PPS                               (abs)        000217
_TRISCbits                            (abs)        0004C8
_TRISFbits                            (abs)        0004CB
_WPUCbits                             (abs)        000411
__HRAM                                (abs)        000000
__H__absolute__                       __absolute__ 000000
__Habs1                               abs1         000000
__Hbank10                             bank10       000000
__Hbank11                             bank11       000000
__Hbank12                             bank12       000000
__Hbank13                             bank13       000000
__Hbank14                             bank14       000000
__Hbank15                             bank15       000000
__Hbank16                             bank16       000000
__Hbank17                             bank17       000000
__Hbank18                             bank18       000000
__Hbank19                             bank19       000000
__Hbank20                             bank20       000000
__Hbank21                             bank21       000000
__Hbank22                             bank22       000000
__Hbank23                             bank23       000000
__Hbank24                             bank24       000000
__Hbank25                             bank25       000000
__Hbank26                             bank26       000000
__Hbank27                             bank27       000000
__Hbank28                             bank28       000000
__Hbank29                             bank29       000000
__Hbank30                             bank30       000000
__Hbank31                             bank31       000000
__Hbank32                             bank32       000000
__Hbank33                             bank33       000000
__Hbank34                             bank34       000000
__Hbank35                             bank35       000000
__Hbank36                             bank36       000000
__Hbank5                              bank5        000000
__Hbank6                              bank6        000000
__Hbank7                              bank7        000000
__Hbank8                              bank8        000000
__Hbank9                              bank9        000000
__Hbigbss                             bigbss       000000
__Hbigdata                            bigdata      000000
__Hbigram                             bigram       000000
__Hbigsfr                             bigsfr       000000
__Hbss                                bss          000000
__HbssCOMRAM                          bssCOMRAM    000000
__Hcinit                              cinit        000000
__Hclrtext                            clrtext      000000
__Hcomram                             comram       000000
__Hconfig                             config       30000A
__Hconst                              const        000000
__HcstackCOMRAM                       cstackCOMRAM 000000
__Hdata                               data         000000
__HdataCOMRAM                         dataCOMRAM   000000
__Heeprom_data                        eeprom_data  000000
__Hfarbss                             farbss       000000
__Hfardata                            fardata      000000
__Hheap                               heap         000000
__Hibigdata                           ibigdata     000000
__Hidata                              idata        000000
__HidataCOMRAM                        idataCOMRAM  000000
__Hidloc                              idloc        000000
__Hifardata                           ifardata     000000
__Hinit                               init         020000
__Hintsave_regs                       intsave_regs 000000
__Hirdata                             irdata       000000
__Hmediumconst                        mediumconst  000000
__HnvFARRAM                           nvFARRAM     000000
__Hnvbit                              nvbit        000000
__Hnvrram                             nvrram       000000
__Hparam                              rparam       000000
__Hpowerup                            powerup      000000
__Hram                                ram          000000
__Hramtop                             ramtop       002500
__Hrbit                               rbit         000000
__Hrbss                               rbss         000000
__Hrdata                              rdata        000000
__Hreset_vec                          reset_vec    000004
__Hrparam                             rparam       000000
__Hsfr                                sfr          000000
__Hsmallconst                         smallconst   002542
__Hspace_0                            (abs)        020000
__Hspace_1                            (abs)        000553
__Hspace_2                            (abs)        000000
__Hspace_4                            (abs)        60000A
__Hstack                              stack        000000
__Hstruct                             struct       000000
__Htemp                               temp         000000
__Htext                               text         000000
__Htext0                              text0        000000
__Htext1                              text1        000000
__Htext10                             text10       000000
__Htext11                             text11       000000
__Htext12                             text12       000000
__Htext13                             text13       000000
__Htext14                             text14       000000
__Htext15                             text15       000000
__Htext16                             text16       000000
__Htext17                             text17       000000
__Htext18                             text18       000000
__Htext19                             text19       000000
__Htext2                              text2        000000
__Htext20                             text20       000000
__Htext21                             text21       000000
__Htext22                             text22       000000
__Htext23                             text23       000000
__Htext24                             text24       000000
__Htext25                             text25       000000
__Htext26                             text26       000000
__Htext27                             text27       000000
__Htext28                             text28       000000
__Htext29                             text29       000000
__Htext3                              text3        000000
__Htext30                             text30       000000
__Htext31                             text31       000000
__Htext32                             text32       000000
__Htext33                             text33       000000
__Htext34                             text34       000000
__Htext35                             text35       000000
__Htext36                             text36       000000
__Htext37                             text37       000000
__Htext38                             text38       000000
__Htext39                             text39       000000
__Htext4                              text4        000000
__Htext40                             text40       000000
__Htext41                             text41       000000
__Htext42                             text42       000000
__Htext43                             text43       000000
__Htext44                             text44       000000
__Htext45                             text45       000000
__Htext46                             text46       000000
__Htext47                             text47       000000
__Htext48                             text48       000000
__Htext49                             text49       000000
__Htext5                              text5        000000
__Htext50                             text50       000000
__Htext51                             text51       000000
__Htext52                             text52       000000
__Htext53                             text53       000000
__Htext54                             text54       000000
__Htext55                             text55       000000
__Htext56                             text56       000000
__Htext57                             text57       000000
__Htext58                             text58       000000
__Htext59                             text59       000000
__Htext6                              text6        000000
__Htext60                             text60       000000
__Htext61                             text61       000000
__Htext62                             text62       000000
__Htext63                             text63       000000
__Htext64                             text64       000000
__Htext65                             text65       000000
__Htext66                             text66       000000
__Htext67                             text67       000000
__Htext68                             text68       000000
__Htext69                             text69       000000
__Htext7                              text7        000000
__Htext70                             text70       000000
__Htext71                             text71       000000
__Htext72                             text72       000000
__Htext8                              text8        000000
__Htext9                              text9        000000
__LRAM                                (abs)        000001
__L__absolute__                       __absolute__ 000000
__Labs1                               abs1         000000
__Lbank10                             bank10       000000
__Lbank11                             bank11       000000
__Lbank12                             bank12       000000
__Lbank13                             bank13       000000
__Lbank14                             bank14       000000
__Lbank15                             bank15       000000
__Lbank16                             bank16       000000
__Lbank17                             bank17       000000
__Lbank18                             bank18       000000
__Lbank19                             bank19       000000
__Lbank20                             bank20       000000
__Lbank21                             bank21       000000
__Lbank22                             bank22       000000
__Lbank23                             bank23       000000
__Lbank24                             bank24       000000
__Lbank25                             bank25       000000
__Lbank26                             bank26       000000
__Lbank27                             bank27       000000
__Lbank28                             bank28       000000
__Lbank29                             bank29       000000
__Lbank30                             bank30       000000
__Lbank31                             bank31       000000
__Lbank32                             bank32       000000
__Lbank33                             bank33       000000
__Lbank34                             bank34       000000
__Lbank35                             bank35       000000
__Lbank36                             bank36       000000
__Lbank5                              bank5        000000
__Lbank6                              bank6        000000
__Lbank7                              bank7        000000
__Lbank8                              bank8        000000
__Lbank9                              bank9        000000
__Lbigbss                             bigbss       000000
__Lbigdata                            bigdata      000000
__Lbigram                             bigram       000000
__Lbigsfr                             bigsfr       000000
__Lbss                                bss          000000
__LbssCOMRAM                          bssCOMRAM    000000
__Lcinit                              cinit        000000
__Lclrtext                            clrtext      000000
__Lcomram                             comram       000000
__Lconfig                             config       000000
__Lconst                              const        000000
__LcstackCOMRAM                       cstackCOMRAM 000000
__Ldata                               data         000000
__LdataCOMRAM                         dataCOMRAM   000000
__Leeprom_data                        eeprom_data  000000
__Lfarbss                             farbss       000000
__Lfardata                            fardata      000000
__Lheap                               heap         000000
__Libigdata                           ibigdata     000000
__Lidata                              idata        000000
__LidataCOMRAM                        idataCOMRAM  000000
__Lidloc                              idloc        000000
__Lifardata                           ifardata     000000
__Linit                               init         01FFFC
__Lintsave_regs                       intsave_regs 000000
__Lirdata                             irdata       000000
__Lmediumconst                        mediumconst  000000
__LnvFARRAM                           nvFARRAM     000000
__Lnvbit                              nvbit        000000
__Lnvrram                             nvrram       000000
__Lparam                              rparam       000000
__Lpowerup                            powerup      000000
__Lram                                ram          000000
__Lramtop                             ramtop       002500
__Lrbit                               rbit         000000
__Lrbss                               rbss         000000
__Lrdata                              rdata        000000
__Lreset_vec                          reset_vec    000000
__Lrparam                             rparam       000000
__Lsfr                                sfr          000000
__Lsmallconst                         smallconst   002500
__Lspace_0                            (abs)        000000
__Lspace_1                            (abs)        000000
__Lspace_2                            (abs)        000000
__Lspace_4                            (abs)        000000
__Lstack                              stack        000000
__Lstruct                             struct       000000
__Ltemp                               temp         000000
__Ltext                               text         000000
__Ltext0                              text0        000000
__Ltext1                              text1        000000
__Ltext10                             text10       000000
__Ltext11                             text11       000000
__Ltext12                             text12       000000
__Ltext13                             text13       000000
__Ltext14                             text14       000000
__Ltext15                             text15       000000
__Ltext16                             text16       000000
__Ltext17                             text17       000000
__Ltext18                             text18       000000
__Ltext19                             text19       000000
__Ltext2                              text2        000000
__Ltext20                             text20       000000
__Ltext21                             text21       000000
__Ltext22                             text22       000000
__Ltext23                             text23       000000
__Ltext24                             text24       000000
__Ltext25                             text25       000000
__Ltext26                             text26       000000
__Ltext27                             text27       000000
__Ltext28                             text28       000000
__Ltext29                             text29       000000
__Ltext3                              text3        000000
__Ltext30                             text30       000000
__Ltext31                             text31       000000
__Ltext32                             text32       000000
__Ltext33                             text33       000000
__Ltext34                             text34       000000
__Ltext35                             text35       000000
__Ltext36                             text36       000000
__Ltext37                             text37       000000
__Ltext38                             text38       000000
__Ltext39                             text39       000000
__Ltext4                              text4        000000
__Ltext40                             text40       000000
__Ltext41                             text41       000000
__Ltext42                             text42       000000
__Ltext43                             text43       000000
__Ltext44                             text44       000000
__Ltext45                             text45       000000
__Ltext46                             text46       000000
__Ltext47                             text47       000000
__Ltext48                             text48       000000
__Ltext49                             text49       000000
__Ltext5                              text5        000000
__Ltext50                             text50       000000
__Ltext51                             text51       000000
__Ltext52                             text52       000000
__Ltext53                             text53       000000
__Ltext54                             text54       000000
__Ltext55                             text55       000000
__Ltext56                             text56       000000
__Ltext57                             text57       000000
__Ltext58                             text58       000000
__Ltext59                             text59       000000
__Ltext6                              text6        000000
__Ltext60                             text60       000000
__Ltext61                             text61       000000
__Ltext62                             text62       000000
__Ltext63                             text63       000000
__Ltext64                             text64       000000
__Ltext65                             text65       000000
__Ltext66                             text66       000000
__Ltext67                             text67       000000
__Ltext68                             text68       000000
__Ltext69                             text69       000000
__Ltext7                              text7        000000
__Ltext70                             text70       000000
__Ltext71                             text71       000000
__Ltext72                             text72       000000
__Ltext8                              text8        000000
__Ltext9                              text9        000000
__S0                                  (abs)        020000
__S1                                  (abs)        000553
__S4                                  (abs)        000000
__S5                                  (abs)        000000
___heap_hi                            (abs)        000000
___heap_lo                            (abs)        000000
___inthi_sp                           stack        000000
___inthi_stack_hi                     stack        000000
___inthi_stack_lo                     stack        000000
___intlo_sp                           stack        000000
___intlo_stack_hi                     stack        000000
___intlo_stack_lo                     stack        000000
___param_bank                         (abs)        000000
___rparam_used                        (abs)        000001
___sp                                 stack        000000
___stack_hi                           stack        000000
___stack_lo                           stack        000000
__accesstop                           (abs)        000560
__activetblptr                        (abs)        000003
__end_of_ClockInit                    text72       00312A
__end_of_I2C1_CallbackReturnReset     text53       00322C
__end_of_I2C1_CallbackReturnStop      text54       003230
__end_of_I2C1_ClearInterruptFlags     text59       002D04
__end_of_I2C1_Close                   text66       002F5C
__end_of_I2C1_DO_ADDRESS_NACK         text19       002B8C
__end_of_I2C1_DO_BUS_COLLISION        text18       002B20
__end_of_I2C1_DO_BUS_ERROR            text17       003164
__end_of_I2C1_DO_IDLE                 text34       0031A2
__end_of_I2C1_DO_RESET                text20       003172
__end_of_I2C1_DO_RX                   text30       002832
__end_of_I2C1_DO_RX_ACK               text23       0031C4
__end_of_I2C1_DO_RX_EMPTY             text28       0027A2
__end_of_I2C1_DO_RX_NACK_RESTART      text21       0031BC
__end_of_I2C1_DO_RX_NACK_STOP         text22       003180
__end_of_I2C1_DO_SEND_ADR_READ        text33       002F32
__end_of_I2C1_DO_SEND_ADR_WRITE       text32       003116
__end_of_I2C1_DO_SEND_RESTART         text25       003224
__end_of_I2C1_DO_SEND_RESTART_READ    text27       00318C
__end_of_I2C1_DO_SEND_RESTART_WRITE   text26       003228
__end_of_I2C1_DO_SEND_STOP            text24       002F84
__end_of_I2C1_DO_TX                   text31       002662
__end_of_I2C1_DO_TX_ACK               text35       0031CC
__end_of_I2C1_DO_TX_EMPTY             text29       002A36
__end_of_I2C1_Initialize              text71       00300E
__end_of_I2C1_MasterClearCountFlag    text65       003220
__end_of_I2C1_MasterClearIrq          text69       0031E4
__end_of_I2C1_MasterClearNackFlag     text64       00321A
__end_of_I2C1_MasterClearStopFlag     text63       003214
__end_of_I2C1_MasterClose             text68       003198
__end_of_I2C1_MasterDisableIrq        text67       00307E
__end_of_I2C1_MasterDisableRestart    text47       00320E
__end_of_I2C1_MasterEnableRestart     text46       003208
__end_of_I2C1_MasterFsm               text16       002BF6
__end_of_I2C1_MasterGetCounter        text38       0031EA
__end_of_I2C1_MasterGetRxData         text43       003202
__end_of_I2C1_MasterIsCountFlagSet    text62       003102
__end_of_I2C1_MasterIsNack            text37       0030AA
__end_of_I2C1_MasterIsNackFlagSet     text61       0030EC
__end_of_I2C1_MasterIsRxBufFull       text42       0030C0
__end_of_I2C1_MasterIsStopFlagSet     text60       0030D6
__end_of_I2C1_MasterIsTxBufEmpty      text36       003094
__end_of_I2C1_MasterOpen              text11       002FCA
__end_of_I2C1_MasterOperation         text13       002D50
__end_of_I2C1_MasterResetBus          text48       0031AC
__end_of_I2C1_MasterSendAck           text41       0031FC
__end_of_I2C1_MasterSendNack          text40       0031F6
__end_of_I2C1_MasterSendTxData        text44       0031D4
__end_of_I2C1_MasterSetCounter        text45       0031DC
__end_of_I2C1_MasterStop              text39       0031F0
__end_of_I2C1_MasterWaitForEvent      text15       002CB2
__end_of_I2C1_MasterWrite             text12       0031B4
__end_of_I2C1_Open                    text10       002704
__end_of_I2C1_Poller                  text14       003046
__end_of_I2C1_SetAddressNackCallback  text9        00302A
__end_of_I2C1_SetBuffer               text58       002FEC
__end_of_I2C1_SetCallback             text57       0029BC
__end_of_I2C1_SetDataCompleteCallback text56       003062
__end_of_I2C1_Write                   text8        002AAC
__end_of_PCF_Wr                       text7        00313A
__end_of_PinInit                      text70       002DD2
__end_of__initialization              cinit        002FA2
__end_of__send_byte                   text5        002E48
__end_of__write_nibble                text6        00293C
__end_of_i2c1_fsmStateTable           smallconst   00253A
__end_of_i2c_lcd_command              text4        003156
__end_of_i2c_lcd_init                 text3        0028B8
__end_of_i2c_lcd_puts                 text1        002E0E
__end_of_i2c_lcd_write                text2        003148
__end_of_main                         text0        002C58
__end_of_rd1RegCompleteHandler        text52       002ED8
__end_of_rd2RegCompleteHandler        text51       002EA8
__end_of_rdBlkRegCompleteHandler      text49       002D94
__end_of_wr1RegCompleteHandler        text50       002E78
__end_of_wr2RegCompleteHandler        text55       002F08
__initialization                      cinit        002F84
__lcd_params                          bssCOMRAM    00052C
__mediumconst                         mediumconst  000000
__pbssCOMRAM                          bssCOMRAM    000501
__pcinit                              cinit        002F84
__pcstackCOMRAM                       cstackCOMRAM 00052E
__pdataCOMRAM                         dataCOMRAM   000552
__pidataCOMRAM                        idataCOMRAM  003230
__psmallconst                         smallconst   002500
__ptext0                              text0        002BF6
__ptext1                              text1        002DD2
__ptext10                             text10       002662
__ptext11                             text11       002FA8
__ptext12                             text12       0031AC
__ptext13                             text13       002D04
__ptext14                             text14       00302A
__ptext15                             text15       002C58
__ptext16                             text16       002B8C
__ptext17                             text17       003156
__ptext18                             text18       002AAC
__ptext19                             text19       002B20
__ptext2                              text2        00313A
__ptext20                             text20       003164
__ptext21                             text21       0031B4
__ptext22                             text22       003172
__ptext23                             text23       0031BC
__ptext24                             text24       002F5C
__ptext25                             text25       003220
__ptext26                             text26       003224
__ptext27                             text27       003180
__ptext28                             text28       002704
__ptext29                             text29       0029BC
__ptext3                              text3        002832
__ptext30                             text30       0027A2
__ptext31                             text31       002542
__ptext32                             text32       003102
__ptext33                             text33       002F08
__ptext34                             text34       003198
__ptext35                             text35       0031C4
__ptext36                             text36       00307E
__ptext37                             text37       003094
__ptext38                             text38       0031E4
__ptext39                             text39       0031EA
__ptext4                              text4        003148
__ptext40                             text40       0031F0
__ptext41                             text41       0031F6
__ptext42                             text42       0030AA
__ptext43                             text43       0031FC
__ptext44                             text44       0031CC
__ptext45                             text45       0031D4
__ptext46                             text46       003202
__ptext47                             text47       003208
__ptext48                             text48       0031A2
__ptext49                             text49       002D50
__ptext5                              text5        002E0E
__ptext50                             text50       002E48
__ptext51                             text51       002E78
__ptext52                             text52       002EA8
__ptext53                             text53       003228
__ptext54                             text54       00322C
__ptext55                             text55       002ED8
__ptext56                             text56       003046
__ptext57                             text57       00293C
__ptext58                             text58       002FCA
__ptext59                             text59       002CB2
__ptext6                              text6        0028B8
__ptext60                             text60       0030C0
__ptext61                             text61       0030D6
__ptext62                             text62       0030EC
__ptext63                             text63       00320E
__ptext64                             text64       003214
__ptext65                             text65       00321A
__ptext66                             text66       002F32
__ptext67                             text67       003062
__ptext68                             text68       00318C
__ptext69                             text69       0031DC
__ptext7                              text7        00312A
__ptext70                             text70       002D94
__ptext71                             text71       002FEC
__ptext72                             text72       003116
__ptext8                              text8        002A36
__ptext9                              text9        00300E
__ramtop                              ramtop       002500
__send_byte                           text5        002E0E
__send_byte@mode                      cstackCOMRAM 000549
__send_byte@value                     cstackCOMRAM 00054A
__smallconst                          smallconst   002500
__write_nibble                        text6        0028B8
__write_nibble@nibble                 cstackCOMRAM 000548
_contador                             bssCOMRAM    00052D
_i2c1_fsmStateTable                   smallconst   002501
_i2c_lcd_command                      text4        003148
_i2c_lcd_init                         text3        002832
_i2c_lcd_puts                         text1        002DD2
_i2c_lcd_write                        text2        00313A
_main                                 text0        002BF6
_main$79                              cstackCOMRAM 000550
_rd1RegCompleteHandler                text52       002EA8
_rd2RegCompleteHandler                text51       002E78
_rdBlkRegCompleteHandler              text49       002D50
_statusLED                            dataCOMRAM   000552
_word                                 bssCOMRAM    00052B
_wr1RegCompleteHandler                text50       002E48
_wr2RegCompleteHandler                text55       002ED8
end_of_initialization                 cinit        002FA2
i2c_lcd_command@cmd                   cstackCOMRAM 00054B
i2c_lcd_puts@str                      cstackCOMRAM 00054C
i2c_lcd_write@letra                   cstackCOMRAM 00054B
intlevel0                             text         000000
intlevel1                             text         000000
intlevel2                             text         000000
intlevel3                             text         000000
isa$std                               (abs)        000001
isa$xinst                             (abs)        000000
rd1RegCompleteHandler@ptr             cstackCOMRAM 000539
rd2RegCompleteHandler@ptr             cstackCOMRAM 000539
rdBlkRegCompleteHandler@ptr           cstackCOMRAM 000539
stackhi                               (abs)        000000
stacklo                               (abs)        000000
start                                 init         01FFFC
start_initialization                  cinit        002F84
wr1RegCompleteHandler@ptr             cstackCOMRAM 000539
wr2RegCompleteHandler@ptr             cstackCOMRAM 000539


MODULE INFORMATION

Module		Function		Class		Link	Load	Size
I2C_LIB.c
		_I2C1_DO_SEND_RESTART		CODE           	3220	0000	4
		_I2C1_MasterIsNackFlagSet		CODE           	30D6	0000	22
		_I2C1_DO_RX_EMPTY		CODE           	2704	0000	158
		_I2C1_DO_TX_EMPTY		CODE           	29BC	0000	122
		_I2C1_DO_SEND_RESTART_READ		CODE           	3180	0000	12
		_I2C1_MasterClearNackFlag		CODE           	3214	0000	6
		_I2C1_CallbackReturnStop		CODE           	322C	0000	4
		_I2C1_DO_RX    		CODE           	27A2	0000	144
		_I2C1_DO_TX    		CODE           	2542	0000	288
		_wr1RegCompleteHandler		CODE           	2E48	0000	48
		_I2C1_SetAddressNackCallback		CODE           	300E	0000	28
		_I2C1_DO_IDLE  		CODE           	3198	0000	10
		_I2C1_MasterOpen		CODE           	2FA8	0000	34
		_wr2RegCompleteHandler		CODE           	2ED8	0000	48
		_I2C1_MasterSendTxData		CODE           	31CC	0000	8
		_I2C1_MasterStop		CODE           	31EA	0000	6
		_I2C1_MasterIsStopFlagSet		CODE           	30C0	0000	22
		_I2C1_CallbackReturnReset		CODE           	3228	0000	4
		_I2C1_DO_RESET 		CODE           	3164	0000	14
		_I2C1_Poller   		CODE           	302A	0000	28
		_I2C1_DO_RX_ACK		CODE           	31BC	0000	8
		_I2C1_DO_TX_ACK		CODE           	31C4	0000	8
		_I2C1_MasterWaitForEvent		CODE           	2C58	0000	90
		_I2C1_MasterSendNack		CODE           	31F0	0000	6
		_I2C1_DO_RX_NACK_RESTART		CODE           	31B4	0000	8
		_I2C1_MasterDisableIrq		CODE           	3062	0000	28
		_I2C1_ClearInterruptFlags		CODE           	2CB2	0000	82
		_I2C1_MasterOperation		CODE           	2D04	0000	76
		_I2C1_MasterClearStopFlag		CODE           	320E	0000	6
		_I2C1_SetCallback		CODE           	293C	0000	128
		_I2C1_MasterEnableRestart		CODE           	3202	0000	6
		_I2C1_MasterGetCounter		CODE           	31E4	0000	6
		_I2C1_MasterSetCounter		CODE           	31D4	0000	8
		_I2C1_Open     		CODE           	2662	0000	162
		_I2C1_DO_ADDRESS_NACK		CODE           	2B20	0000	108
		_I2C1_MasterDisableRestart		CODE           	3208	0000	6
		_I2C1_MasterClearCountFlag		CODE           	321A	0000	6
		_I2C1_SetBuffer		CODE           	2FCA	0000	34
		_I2C1_DO_SEND_RESTART_WRITE		CODE           	3224	0000	4
		_I2C1_MasterIsTxBufEmpty		CODE           	307E	0000	22
		_I2C1_MasterClose		CODE           	318C	0000	12
		_I2C1_MasterWrite		CODE           	31AC	0000	8
		_I2C1_Initialize		CODE           	2FEC	0000	34
		_I2C1_Close    		CODE           	2F32	0000	42
		_I2C1_Write    		CODE           	2A36	0000	118
		_rdBlkRegCompleteHandler		CODE           	2D50	0000	68
		_I2C1_MasterIsRxBufFull		CODE           	30AA	0000	22
		_rd1RegCompleteHandler		CODE           	2EA8	0000	48
		_I2C1_MasterIsNack		CODE           	3094	0000	22
		_I2C1_DO_SEND_ADR_WRITE		CODE           	3102	0000	20
		_rd2RegCompleteHandler		CODE           	2E78	0000	48
		_I2C1_MasterClearIrq		CODE           	31DC	0000	8
		_I2C1_SetDataCompleteCallback		CODE           	3046	0000	28
		_I2C1_DO_SEND_STOP		CODE           	2F5C	0000	40
		_I2C1_DO_BUS_COLLISION		CODE           	2AAC	0000	116
		_I2C1_DO_BUS_ERROR		CODE           	3156	0000	14
		_I2C1_MasterSendAck		CODE           	31F6	0000	6
		_I2C1_MasterFsm		CODE           	2B8C	0000	106
		_I2C1_MasterGetRxData		CODE           	31FC	0000	6
		_I2C1_MasterResetBus		CODE           	31A2	0000	10
		_I2C1_MasterIsCountFlagSet		CODE           	30EC	0000	22
		_I2C1_DO_SEND_ADR_READ		CODE           	2F08	0000	42
		_I2C1_DO_RX_NACK_STOP		CODE           	3172	0000	14

I2C_LIB.c estimated size: 2666

config.c
		_PinInit       		CODE           	2D94	0000	62
		_ClockInit     		CODE           	3116	0000	20

config.c estimated size: 82

shared
		__initialization		CODE           	2F84	0000	30
		_i2c1_fsmStateTable		SMALLCONST     	2501	0000	57

shared estimated size: 87

I2C_LCD.c
		_i2c_lcd_init  		CODE           	2832	0000	134
		_i2c_lcd_puts  		CODE           	2DD2	0000	60
		_i2c_lcd_write 		CODE           	313A	0000	14
		_i2c_lcd_command		CODE           	3148	0000	14
		__send_byte    		CODE           	2E0E	0000	58
		_PCF_Wr        		CODE           	312A	0000	16
		__write_nibble 		CODE           	28B8	0000	132

I2C_LCD.c estimated size: 428

main.c
		_main          		CODE           	2BF6	0000	98

main.c estimated size: 98

