Microchip MPLAB XC8 Compiler V2.36

Linker command line:

-W-3 --edf=C:\Program Files\Microchip\xc8\v2.36\pic\dat\en_msgs.txt -cn \
  -h+dist/default/production\INTROHMI.X.production.sym \
  --cmf=dist/default/production\INTROHMI.X.production.cmf -z -Q16F1939 \
  -oC:\Users\iProf\AppData\Local\Temp\xcAsb80.4 --defsym=__MPLAB_BUILD=1 \
  -Mdist/default/production/INTROHMI.X.production.map \
  --md=C:\Users\iProf\AppData\Local\Temp\xcAsb80.dat -E1 -ver=XC8 Compiler \
  --acfsm=1493 -ACODE=00h-07FFhx8 -ASTRCODE=00h-03FFFh -ASTRING=00h-0FFhx64 \
  -ACONST=00h-0FFhx64 -AENTRY=00h-0FFhx64 -ACOMMON=070h-07Fh \
  -ABANK0=020h-06Fh -ABANK1=0A0h-0EFh -ABANK2=0120h-016Fh \
  -ABANK3=01A0h-01EFh -ABANK4=0220h-026Fh -ABANK5=02A0h-02EFh \
  -ABANK6=0320h-036Fh -ABANK7=03A0h-03EFh -ABANK8=0420h-046Fh \
  -ABANK9=04A0h-04EFh -ABANK10=0520h-056Fh -ABANK11=05A0h-05EFh \
  -ABANK12=0620h-064Fh -ABIGRAM=02000h-023EFh \
  -ARAM=020h-06Fh,0A0h-0EFh,0120h-016Fh,01A0h-01EFh,0220h-026Fh,02A0h-02EFh,0320h-036Fh,03A0h-03EFh,0420h-046Fh,04A0h-04EFh,0520h-056Fh,05A0h-05EFh,0620h-064Fh \
  -AABS1=020h-07Fh,0A0h-0EFh,0120h-016Fh,01A0h-01EFh,0220h-026Fh,02A0h-02EFh,0320h-036Fh,03A0h-03EFh,0420h-046Fh,04A0h-04EFh,0520h-056Fh,05A0h-05EFh,0620h-064Fh \
  -ASFR0=00h-01Fh -ASFR1=080h-09Fh -ASFR2=0100h-011Fh -ASFR3=0180h-019Fh \
  -ASFR4=0200h-021Fh -ASFR5=0280h-029Fh -ASFR6=0300h-031Fh \
  -ASFR7=0380h-039Fh -ASFR8=0400h-041Fh -ASFR9=0480h-049Fh \
  -ASFR10=0500h-051Fh -ASFR11=0580h-059Fh -ASFR12=0600h-061Fh \
  -ASFR13=0680h-06EFh -ASFR14=0700h-076Fh -ASFR15=0780h-07EFh \
  -ASFR16=0800h-086Fh -ASFR17=0880h-08EFh -ASFR18=0900h-096Fh \
  -ASFR19=0980h-09EFh -ASFR20=0A00h-0A6Fh -ASFR21=0A80h-0AEFh \
  -ASFR22=0B00h-0B6Fh -ASFR23=0B80h-0BEFh -ASFR24=0C00h-0C6Fh \
  -ASFR25=0C80h-0CEFh -ASFR26=0D00h-0D6Fh -ASFR27=0D80h-0DEFh \
  -ASFR28=0E00h-0E6Fh -ASFR29=0E80h-0EEFh -ASFR30=0F00h-0F6Fh \
  -ASFR31=0F80h-0FEFh -ACONFIG=08007h-08008h -DCONFIG=2 \
  -AIDLOC=08000h-08003h -DIDLOC=2 -AEEDATA=00h-0FFh/0F000h \
  -peeprom_data=EEDATA -DEEDATA=2 -DCODE=2 -DSTRCODE=2 -DSTRING=2 -DCONST=2 \
  -DENTRY=2 -preset_vec=00h,intentry,init,end_init -ppowerup=CODE \
  -pcinit=CODE -pfunctab=ENTRY -k \
  C:\Users\iProf\AppData\Local\Temp\xcAsb80.o \
  dist/default/production\INTROHMI.X.production.o 

Object code version is 3.11

Machine type is 16F1939



                Name                               Link     Load   Length Selector   Space Scale
C:\Users\iProf\AppData\Local\Temp\xcAsb80.o
                end_init                              2        2        2        0       0
                reset_vec                             0        0        2        0       0
                config                             8007     8007        2        0       4
                idloc                              8000     8000        4        0       5
dist/default/production\INTROHMI.X.production.o
                cinit                               7DE      7DE       22      FBC       0
                config                             8007     8007        2        0       4
                idloc                              8000     8000        4        0       5
                text36                             1EE6     1EE6        B     3DCC       0
                text35                             1F08     1F08       16     3E10       0
                text34                             1EFC     1EFC        C     3DF8       0
                text33                             1EDC     1EDC        A     3DB8       0
                text32                             1F35     1F35       18     3E6A       0
                text31                              818      818       AC     1030       0
                text30                             1F7F     1F7F       1F     3EFE       0
                text29                             1F4D     1F4D       18     3E9A       0
                text28                             1FBE     1FBE       21     3F7C       0
                text27                             13F7     13F7       94     27EE       0
                text26                             128E     128E       5F     251C       0
                text25                             1131     1131       53     2262       0
                text24                             164C     164C      1B4     2C98       0
                text23                             10E3     10E3       4E     21C6       0
                text22                             136C     136C       8B     26D8       0
                text21                             1008     1008       23     2010       0
                text20                              B03      B03      257     1606       0
                text19                             1EF1     1EF1        B     3DE2       0
                text18                              8C4      8C4      23F     1188       0
                text17                             1F9E     1F9E       20     3F3C       0
                text16                                D        D       74       1A       0
                text15                             12ED     12ED       7F     25DA       0
                text14                             1561     1561       EB     2AC2       0
                text13                                6        6        1        C       0
                text12                             11DC     11DC       59     23B8       0
                text11                             102B     102B       29     2056       0
                text10                             1F65     1F65       1A     3ECA       0
                text9                              1235     1235       59     246A       0
                text8                              1FDF     1FDF       21     3FBE       0
                text7                               800      800       18      FBC       0
                text6                              1F1E     1F1E       17     3E3C       0
                text5                                81       81      75D      102       0
                text4                              1184     1184       58     2308       0
                text3                               D5A      D5A      2A6     1AB4       0
                text2                              1080     1080       31     2100       0
                text1                              1054     1054       2C     20A8       0
                maintext                           148B     148B       D6     2916       0
                cstackBANK0                          20       20       50       20       1
                cstackCOMMON                         70       70        E       70       1
                cstackBANK1                          A0       A0       4D       A0       1
                cstackBANK2                         120      120       16      120       1
                clrtext                            1002     1002        6     2004       0
                inittext                              7        7        6        E       0
                dataBANK4                           220      220       32      220       1
                bssBANK3                            1A0      1A0       50      1A0       1
                bssBANK2                            136      136        E      120       1
                bssBANK1                             ED       ED        2       A0       1
                stringtext6                        2020     2020        3     4000       0
                stringtext5                        201C     201C        4     4000       0
                stringtext4                        2018     2018        4     4000       0
                stringtext3                        2014     2014        4     4000       0
                stringtext2                        2010     2010        4     4000       0
                stringtext1                        2000     2000       10     4000       0
                nvBANK2                             144      144        A      120       1
                idataBANK4                         10B1     10B1       32     2162       0

TOTAL           Name                               Link     Load   Length     Space
        CLASS   CODE           
                end_init                              2        2        2         0
                cinit                               7DE      7DE       22         0
                reset_vec                             0        0        2         0
                text36                             1EE6     1EE6        B         0
                text35                             1F08     1F08       16         0
                text34                             1EFC     1EFC        C         0
                text33                             1EDC     1EDC        A         0
                text32                             1F35     1F35       18         0
                text31                              818      818       AC         0
                text30                             1F7F     1F7F       1F         0
                text29                             1F4D     1F4D       18         0
                text28                             1FBE     1FBE       21         0
                text27                             13F7     13F7       94         0
                text26                             128E     128E       5F         0
                text25                             1131     1131       53         0
                text24                             164C     164C      1B4         0
                text23                             10E3     10E3       4E         0
                text22                             136C     136C       8B         0
                text21                             1008     1008       23         0
                text20                              B03      B03      257         0
                text19                             1EF1     1EF1        B         0
                text18                              8C4      8C4      23F         0
                text17                             1F9E     1F9E       20         0
                text16                                D        D       74         0
                text15                             12ED     12ED       7F         0
                text14                             1561     1561       EB         0
                text13                                6        6        1         0
                text12                             11DC     11DC       59         0
                text11                             102B     102B       29         0
                text10                             1F65     1F65       1A         0
                text9                              1235     1235       59         0
                text8                              1FDF     1FDF       21         0
                text7                               800      800       18         0
                text6                              1F1E     1F1E       17         0
                text5                                81       81      75D         0
                text4                              1184     1184       58         0
                text3                               D5A      D5A      2A6         0
                text2                              1080     1080       31         0
                text1                              1054     1054       2C         0
                maintext                           148B     148B       D6         0
                clrtext                            1002     1002        6         0
                inittext                              7        7        6         0
                idataBANK4                         10B1     10B1       32         0

        CLASS   STRCODE        
                stringtext6                        2020     2020        3         0
                stringtext5                        201C     201C        4         0
                stringtext4                        2018     2018        4         0
                stringtext3                        2014     2014        4         0
                stringtext2                        2010     2010        4         0
                stringtext1                        2000     2000       10         0

        CLASS   STRING         

        CLASS   CONST          

        CLASS   ENTRY          

        CLASS   COMMON         
                cstackCOMMON                         70       70        E         1

        CLASS   BANK0          
                cstackBANK0                          20       20       50         1

        CLASS   BANK1          
                cstackBANK1                          A0       A0       4D         1
                bssBANK1                             ED       ED        2         1

        CLASS   BANK2          
                cstackBANK2                         120      120       16         1
                bssBANK2                            136      136        E         1
                nvBANK2                             144      144        A         1

        CLASS   BANK3          
                bssBANK3                            1A0      1A0       50         1

        CLASS   BANK4          
                dataBANK4                           220      220       32         1

        CLASS   BANK5          

        CLASS   BANK6          

        CLASS   BANK7          

        CLASS   BANK8          

        CLASS   BANK9          

        CLASS   BANK10         

        CLASS   BANK11         

        CLASS   BANK12         

        CLASS   BIGRAM         

        CLASS   RAM            

        CLASS   ABS1           
                abs_s1                               7E       7E        2         1

        CLASS   SFR0           

        CLASS   SFR1           

        CLASS   SFR2           

        CLASS   SFR3           

        CLASS   SFR4           

        CLASS   SFR5           

        CLASS   SFR6           

        CLASS   SFR7           

        CLASS   SFR8           

        CLASS   SFR9           

        CLASS   SFR10          

        CLASS   SFR11          

        CLASS   SFR12          

        CLASS   SFR13          

        CLASS   SFR14          

        CLASS   SFR15          

        CLASS   SFR16          

        CLASS   SFR17          

        CLASS   SFR18          

        CLASS   SFR19          

        CLASS   SFR20          

        CLASS   SFR21          

        CLASS   SFR22          

        CLASS   SFR23          

        CLASS   SFR24          

        CLASS   SFR25          

        CLASS   SFR26          

        CLASS   SFR27          

        CLASS   SFR28          

        CLASS   SFR29          

        CLASS   SFR30          

        CLASS   SFR31          

        CLASS   CONFIG         
                config                             8007     8007        2         4

        CLASS   IDLOC          
                idloc                              8000     8000        4         5

        CLASS   EEDATA         

        CLASS   BANK31         

        CLASS   BANK30         

        CLASS   BANK29         

        CLASS   BANK28         

        CLASS   BANK27         

        CLASS   BANK26         

        CLASS   BANK25         

        CLASS   BANK24         

        CLASS   BANK23         

        CLASS   BANK22         

        CLASS   BANK21         

        CLASS   BANK20         

        CLASS   BANK19         

        CLASS   BANK18         

        CLASS   BANK17         

        CLASS   BANK16         

        CLASS   BANK15         

        CLASS   BANK14         

        CLASS   BANK13         

        CLASS   HEAP           

        CLASS   STACK          



SEGMENTS        Name                           Load    Length   Top    Selector   Space  Class     Delta

                reset_vec                      000000  000004  000004         0       0  CODE        2
                text13                         000006  000001  000007         C       0  CODE        2
                inittext                       000007  000006  00000D         E       0  CODE        2
                text16                         00000D  000074  000081        1A       0  CODE        2
                cstackBANK0                    000020  000050  000070        20       1  BANK0       1
                cstackCOMMON                   000070  00000E  00007E        70       1  COMMON      1
                cstackBANK1                    0000A0  00004F  0000EF        A0       1  BANK1       1
                text5                          000081  00075D  0007DE       102       0  CODE        2
                cstackBANK2                    000120  00002E  00014E       120       1  BANK2       1
                bssBANK3                       0001A0  000050  0001F0       1A0       1  BANK3       1
                dataBANK4                      000220  000032  000252       220       1  BANK4       1
                cinit                          0007DE  00003A  000818       FBC       0  CODE        2
                text31                         000818  0000AC  0008C4      1030       0  CODE        2
                text18                         0008C4  00023F  000B03      1188       0  CODE        2
                text20                         000B03  000257  000D5A      1606       0  CODE        2
                text3                          000D5A  0002A6  001000      1AB4       0  CODE        2
                clrtext                        001002  000006  001008      2004       0  CODE        2
                text21                         001008  000023  00102B      2010       0  CODE        2
                text11                         00102B  000029  001054      2056       0  CODE        2
                text1                          001054  00002C  001080      20A8       0  CODE        2
                text2                          001080  000031  0010B1      2100       0  CODE        2
                idataBANK4                     0010B1  000032  0010E3      2162       0  CODE        2
                text23                         0010E3  00004E  001131      21C6       0  CODE        2
                text25                         001131  000053  001184      2262       0  CODE        2
                text4                          001184  000058  0011DC      2308       0  CODE        2
                text12                         0011DC  000059  001235      23B8       0  CODE        2
                text9                          001235  000059  00128E      246A       0  CODE        2
                text26                         00128E  00005F  0012ED      251C       0  CODE        2
                text15                         0012ED  00007F  00136C      25DA       0  CODE        2
                text22                         00136C  00008B  0013F7      26D8       0  CODE        2
                text27                         0013F7  000094  00148B      27EE       0  CODE        2
                maintext                       00148B  0000D6  001561      2916       0  CODE        2
                text14                         001561  0000EB  00164C      2AC2       0  CODE        2
                text24                         00164C  0001B4  001800      2C98       0  CODE        2
                text33                         001EDC  00000A  001EE6      3DB8       0  CODE        2
                text36                         001EE6  00000B  001EF1      3DCC       0  CODE        2
                text19                         001EF1  00000B  001EFC      3DE2       0  CODE        2
                text34                         001EFC  00000C  001F08      3DF8       0  CODE        2
                text35                         001F08  000016  001F1E      3E10       0  CODE        2
                text6                          001F1E  000017  001F35      3E3C       0  CODE        2
                text32                         001F35  000018  001F4D      3E6A       0  CODE        2
                text29                         001F4D  000018  001F65      3E9A       0  CODE        2
                text10                         001F65  00001A  001F7F      3ECA       0  CODE        2
                text30                         001F7F  00001F  001F9E      3EFE       0  CODE        2
                text17                         001F9E  000020  001FBE      3F3C       0  CODE        2
                text28                         001FBE  000021  001FDF      3F7C       0  CODE        2
                text8                          001FDF  000021  002000      3FBE       0  CODE        2
                stringtext1                    002000  000023  002023      4000       0  STRCODE     2


UNUSED ADDRESS RANGES

        Name                Unused          Largest block    Delta
        BANK1            000EF-000EF               1           1
        BANK10           00520-0056F              50           1
        BANK11           005A0-005EF              50           1
        BANK12           00620-0064F              30           1
        BANK2            0014E-0016F              22           1
        BANK4            00252-0026F              1E           1
        BANK5            002A0-002EF              50           1
        BANK6            00320-0036F              50           1
        BANK7            003A0-003EF              50           1
        BANK8            00420-0046F              50           1
        BANK9            004A0-004EF              50           1
        BIGRAM           02000-023EF             3F0           1
        CODE             00004-00005               2           2
                         01000-01001               2
                         01800-01EDB             6DC
                         02023-03FFF             800
        CONST            00004-00005               2           2
                         01000-01001               2
                         01800-01EDB             100
                         02023-03FFF             100
        EEDATA           0F000-0F0FF             100           2
        ENTRY            00004-00005               2           2
                         01000-01001               2
                         01800-01EDB             100
                         02023-03FFF             100
        RAM              000EF-000EF               1           1
                         0014E-0016F              22
                         00252-0026F              1E
                         002A0-002EF              50
                         00320-0036F              50
                         003A0-003EF              50
                         00420-0046F              50
                         004A0-004EF              50
                         00520-0056F              50
                         005A0-005EF              50
                         00620-0064F              30
        SFR0             00000-0001F              20           1
        SFR1             00080-0009F              20           1
        SFR10            00500-0051F              20           1
        SFR11            00580-0059F              20           1
        SFR12            00600-0061F              20           1
        SFR13            00680-006EF              70           1
        SFR14            00700-0076F              70           1
        SFR15            00780-007EF              70           1
        SFR16            00800-0086F              70           1
        SFR17            00880-008EF              70           1
        SFR18            00900-0096F              70           1
        SFR19            00980-009EF              70           1
        SFR2             00100-0011F              20           1
        SFR20            00A00-00A6F              70           1
        SFR21            00A80-00AEF              70           1
        SFR22            00B00-00B6F              70           1
        SFR23            00B80-00BEF              70           1
        SFR24            00C00-00C6F              70           1
        SFR25            00C80-00CEF              70           1
        SFR26            00D00-00D6F              70           1
        SFR27            00D80-00DEF              70           1
        SFR28            00E00-00E6F              70           1
        SFR29            00E80-00EEF              70           1
        SFR3             00180-0019F              20           1
        SFR30            00F00-00F6F              70           1
        SFR31            00F80-00FEF              70           1
        SFR4             00200-0021F              20           1
        SFR5             00280-0029F              20           1
        SFR6             00300-0031F              20           1
        SFR7             00380-0039F              20           1
        SFR8             00400-0041F              20           1
        SFR9             00480-0049F              20           1
        STRCODE          00004-00005               2           2
                         01000-01001               2
                         01800-01EDB             6DC
                         02023-03FFF            1FDD
        STRING           00004-00005               2           2
                         01000-01001               2
                         01800-01EDB             100
                         02023-03FFF             100

                                  Symbol Table

?_ADC_Read               cstackCOMMON 00070
?__Umul8_16              cstackCOMMON 00070
?___awdiv                cstackCOMMON 00070
?___awmod                cstackCOMMON 00070
?___fladd                cstackCOMMON 00070
?___fldiv                cstackBANK0  0003A
?___flmul                cstackBANK0  00020
?___flneg                cstackCOMMON 00070
?___flsub                cstackBANK0  0003A
?___fltol                cstackCOMMON 00070
?___fpclassifyf          cstackCOMMON 00070
?___wmul                 cstackCOMMON 00070
?___xxtofl               cstackCOMMON 00070
?_atoi                   cstackCOMMON 00076
?_efgtoa                 cstackBANK0  00068
?_floorf                 cstackBANK0  00054
?_isdigit                cstackCOMMON 00070
?_isspace                cstackCOMMON 00070
?_isupper                cstackCOMMON 00070
?_pad                    cstackBANK0  00024
?_sprintf                cstackBANK2  00120
?_strlen                 cstackCOMMON 00070
?_strncmp                cstackCOMMON 00070
?_tolower                cstackCOMMON 00076
?_vfpfcnvrt              cstackBANK1  000D3
?_vfprintf               cstackBANK1  000E3
ADC_Read@ch              cstackCOMMON 00073
UART_Write@c             cstackCOMMON 00070
UART_Write_Text@c        cstackCOMMON 00072
_ADCON0bits              (abs)        0009D
_ADCON1bits              (abs)        0009E
_ADC_Init                text36       01EE6
_ADC_Read                text35       01F08
_ADRESH                  (abs)        0009C
_ADRESL                  (abs)        0009B
_ANSELAbits              (abs)        0018C
_BORCON                  (abs)        00116
_OSCCON                  (abs)        00099
_OSCTUNE                 (abs)        00098
_RCIF                    (abs)        0008D
_RCREG                   (abs)        00199
_RCSTAbits               (abs)        0019D
_SPBRG                   (abs)        0019B
_TRISCbits               (abs)        0008E
_TXIF                    (abs)        0008C
_TXREG                   (abs)        0019A
_TXSTAbits               (abs)        0019E
_UART_Init               text34       01EFC
_UART_Write              text33       01EDC
_UART_Write_Text         text32       01F35
__Habs1                  abs1         00000
__Hbank0                 bank0        00000
__Hbank1                 bank1        00000
__Hbank10                bank10       00000
__Hbank11                bank11       00000
__Hbank12                bank12       00000
__Hbank13                bank13       00000
__Hbank14                bank14       00000
__Hbank15                bank15       00000
__Hbank16                bank16       00000
__Hbank17                bank17       00000
__Hbank18                bank18       00000
__Hbank19                bank19       00000
__Hbank2                 bank2        00000
__Hbank20                bank20       00000
__Hbank21                bank21       00000
__Hbank22                bank22       00000
__Hbank23                bank23       00000
__Hbank24                bank24       00000
__Hbank25                bank25       00000
__Hbank26                bank26       00000
__Hbank27                bank27       00000
__Hbank28                bank28       00000
__Hbank29                bank29       00000
__Hbank3                 bank3        00000
__Hbank30                bank30       00000
__Hbank31                bank31       00000
__Hbank4                 bank4        00000
__Hbank5                 bank5        00000
__Hbank6                 bank6        00000
__Hbank7                 bank7        00000
__Hbank8                 bank8        00000
__Hbank9                 bank9        00000
__Hbigram                bigram       00000
__HbssBANK1              bssBANK1     00000
__HbssBANK2              bssBANK2     00000
__HbssBANK3              bssBANK3     00000
__Hcinit                 cinit        00800
__Hclrtext               clrtext      00000
__Hcode                  code         00000
__Hcommon                common       00000
__Hconfig                config       08009
__HcstackBANK0           cstackBANK0  00000
__HcstackBANK1           cstackBANK1  00000
__HcstackBANK2           cstackBANK2  00000
__HcstackCOMMON          cstackCOMMON 00000
__HdataBANK4             dataBANK4    00000
__Heeprom_data           eeprom_data  00000
__Hend_init              end_init     00004
__Hfunctab               functab      00000
__Hheap                  heap         00000
__HidataBANK4            idataBANK4   00000
__Hidloc                 idloc        08004
__Hinit                  init         00002
__Hinittext              inittext     00000
__Hintentry              intentry     00002
__Hmaintext              maintext     00000
__HnvBANK2               nvBANK2      00000
__Hpowerup               powerup      00000
__Hram                   ram          00000
__Hreset_vec             reset_vec    00002
__Hsfr0                  sfr0         00000
__Hsfr1                  sfr1         00000
__Hsfr10                 sfr10        00000
__Hsfr11                 sfr11        00000
__Hsfr12                 sfr12        00000
__Hsfr13                 sfr13        00000
__Hsfr14                 sfr14        00000
__Hsfr15                 sfr15        00000
__Hsfr16                 sfr16        00000
__Hsfr17                 sfr17        00000
__Hsfr18                 sfr18        00000
__Hsfr19                 sfr19        00000
__Hsfr2                  sfr2         00000
__Hsfr20                 sfr20        00000
__Hsfr21                 sfr21        00000
__Hsfr22                 sfr22        00000
__Hsfr23                 sfr23        00000
__Hsfr24                 sfr24        00000
__Hsfr25                 sfr25        00000
__Hsfr26                 sfr26        00000
__Hsfr27                 sfr27        00000
__Hsfr28                 sfr28        00000
__Hsfr29                 sfr29        00000
__Hsfr3                  sfr3         00000
__Hsfr30                 sfr30        00000
__Hsfr31                 sfr31        00000
__Hsfr4                  sfr4         00000
__Hsfr5                  sfr5         00000
__Hsfr6                  sfr6         00000
__Hsfr7                  sfr7         00000
__Hsfr8                  sfr8         00000
__Hsfr9                  sfr9         00000
__Hspace_0               (abs)        02023
__Hspace_1               (abs)        00252
__Hspace_2               (abs)        00000
__Hspace_3               (abs)        00000
__Hspace_4               (abs)        10010
__Hstack                 stack        00000
__Hstrings               strings      00000
__Hstringtext1           stringtext1  00000
__Hstringtext2           stringtext2  00000
__Hstringtext3           stringtext3  00000
__Hstringtext4           stringtext4  00000
__Hstringtext5           stringtext5  00000
__Hstringtext6           stringtext6  00000
__Hstringtext7           stringtext7  00000
__Htext                  text         00000
__Labs1                  abs1         00000
__Lbank0                 bank0        00000
__Lbank1                 bank1        00000
__Lbank10                bank10       00000
__Lbank11                bank11       00000
__Lbank12                bank12       00000
__Lbank13                bank13       00000
__Lbank14                bank14       00000
__Lbank15                bank15       00000
__Lbank16                bank16       00000
__Lbank17                bank17       00000
__Lbank18                bank18       00000
__Lbank19                bank19       00000
__Lbank2                 bank2        00000
__Lbank20                bank20       00000
__Lbank21                bank21       00000
__Lbank22                bank22       00000
__Lbank23                bank23       00000
__Lbank24                bank24       00000
__Lbank25                bank25       00000
__Lbank26                bank26       00000
__Lbank27                bank27       00000
__Lbank28                bank28       00000
__Lbank29                bank29       00000
__Lbank3                 bank3        00000
__Lbank30                bank30       00000
__Lbank31                bank31       00000
__Lbank4                 bank4        00000
__Lbank5                 bank5        00000
__Lbank6                 bank6        00000
__Lbank7                 bank7        00000
__Lbank8                 bank8        00000
__Lbank9                 bank9        00000
__Lbigram                bigram       00000
__LbssBANK1              bssBANK1     00000
__LbssBANK2              bssBANK2     00000
__LbssBANK3              bssBANK3     00000
__Lcinit                 cinit        007DE
__Lclrtext               clrtext      00000
__Lcode                  code         00000
__Lcommon                common       00000
__Lconfig                config       00000
__LcstackBANK0           cstackBANK0  00000
__LcstackBANK1           cstackBANK1  00000
__LcstackBANK2           cstackBANK2  00000
__LcstackCOMMON          cstackCOMMON 00000
__LdataBANK4             dataBANK4    00000
__Leeprom_data           eeprom_data  00000
__Lend_init              end_init     00002
__Lfunctab               functab      00000
__Lheap                  heap         00000
__LidataBANK4            idataBANK4   00000
__Lidloc                 idloc        00000
__Linit                  init         00002
__Linittext              inittext     00000
__Lintentry              intentry     00002
__Lmaintext              maintext     00000
__LnvBANK2               nvBANK2      00000
__Lpowerup               powerup      00000
__Lram                   ram          00000
__Lreset_vec             reset_vec    00000
__Lsfr0                  sfr0         00000
__Lsfr1                  sfr1         00000
__Lsfr10                 sfr10        00000
__Lsfr11                 sfr11        00000
__Lsfr12                 sfr12        00000
__Lsfr13                 sfr13        00000
__Lsfr14                 sfr14        00000
__Lsfr15                 sfr15        00000
__Lsfr16                 sfr16        00000
__Lsfr17                 sfr17        00000
__Lsfr18                 sfr18        00000
__Lsfr19                 sfr19        00000
__Lsfr2                  sfr2         00000
__Lsfr20                 sfr20        00000
__Lsfr21                 sfr21        00000
__Lsfr22                 sfr22        00000
__Lsfr23                 sfr23        00000
__Lsfr24                 sfr24        00000
__Lsfr25                 sfr25        00000
__Lsfr26                 sfr26        00000
__Lsfr27                 sfr27        00000
__Lsfr28                 sfr28        00000
__Lsfr29                 sfr29        00000
__Lsfr3                  sfr3         00000
__Lsfr30                 sfr30        00000
__Lsfr31                 sfr31        00000
__Lsfr4                  sfr4         00000
__Lsfr5                  sfr5         00000
__Lsfr6                  sfr6         00000
__Lsfr7                  sfr7         00000
__Lsfr8                  sfr8         00000
__Lsfr9                  sfr9         00000
__Lspace_0               (abs)        00000
__Lspace_1               (abs)        00000
__Lspace_2               (abs)        00000
__Lspace_3               (abs)        00000
__Lspace_4               (abs)        00000
__Lstack                 stack        00000
__Lstrings               strings      00000
__Lstringtext1           stringtext1  00000
__Lstringtext2           stringtext2  00000
__Lstringtext3           stringtext3  00000
__Lstringtext4           stringtext4  00000
__Lstringtext5           stringtext5  00000
__Lstringtext6           stringtext6  00000
__Lstringtext7           stringtext7  00000
__Ltext                  text         00000
__S0                     (abs)        02023
__S1                     (abs)        00252
__S3                     (abs)        00000
__Umul8_16               text21       01008
__Umul8_16@multiplicand  cstackCOMMON 00070
__Umul8_16@multiplier    cstackCOMMON 00078
__Umul8_16@product       cstackCOMMON 00074
__Umul8_16@word_mpld     cstackCOMMON 00076
___awdiv                 text26       0128E
___awdiv@counter         cstackCOMMON 00075
___awdiv@dividend        cstackCOMMON 00072
___awdiv@divisor         cstackCOMMON 00070
___awdiv@quotient        cstackCOMMON 00077
___awdiv@sign            cstackCOMMON 00076
___awmod                 text25       01131
___awmod@counter         cstackCOMMON 00075
___awmod@dividend        cstackCOMMON 00072
___awmod@divisor         cstackCOMMON 00070
___awmod@sign            cstackCOMMON 00076
___fladd                 text18       008C4
___fladd@a               cstackCOMMON 00074
___fladd@aexp            cstackCOMMON 00079
___fladd@b               cstackCOMMON 00070
___fladd@bexp            cstackCOMMON 0007A
___fladd@grs             cstackCOMMON 0007B
___fladd@signs           cstackCOMMON 00078
___fldiv                 text24       0164C
___fldiv@a               cstackBANK0  0003A
___fldiv@aexp            cstackBANK0  00053
___fldiv@b               cstackBANK0  0003E
___fldiv@bexp            cstackBANK0  00052
___fldiv@grs             cstackBANK0  0004E
___fldiv@new_exp         cstackBANK0  0004C
___fldiv@rem             cstackBANK0  00047
___fldiv@sign            cstackBANK0  0004B
___fleq                  text23       010E3
___fleq@ff1              cstackCOMMON 00070
___fleq@ff2              cstackCOMMON 00074
___flge                  text22       0136C
___flge@ff1              cstackBANK0  0003A
___flge@ff2              cstackBANK0  0003E
___flmul                 text20       00B03
___flmul@a               cstackBANK0  00024
___flmul@aexp            cstackBANK0  00032
___flmul@b               cstackBANK0  00020
___flmul@bexp            cstackBANK0  00033
___flmul@grs             cstackBANK0  0002E
___flmul@prod            cstackBANK0  00034
___flmul@sign            cstackBANK0  0002D
___flmul@temp            cstackBANK0  00038
___flneg                 text19       01EF1
___flneg@f1              cstackCOMMON 00070
___flsub                 text17       01F9E
___flsub@a               cstackBANK0  0003A
___flsub@b               cstackBANK0  0003E
___fltol                 text16       0000D
___fltol@exp1            cstackCOMMON 0007A
___fltol@f1              cstackCOMMON 00070
___fltol@sign1           cstackCOMMON 00079
___fpclassifyf           text15       012ED
___fpclassifyf@F465      bssBANK2     0013A
___fpclassifyf@e         cstackBANK0  00020
___fpclassifyf@u         cstackBANK0  00022
___fpclassifyf@x         cstackCOMMON 00070
___heap_hi               (abs)        00000
___heap_lo               (abs)        00000
___int_sp                stack        00000
___latbits               (abs)        00003
___sp                    stack        00000
___stackhi               (abs)        00000
___stacklo               (abs)        00000
___wmul                  text30       01F7F
___wmul@multiplicand     cstackCOMMON 00072
___wmul@multiplier       cstackCOMMON 00070
___wmul@product          cstackCOMMON 00074
___xxtofl                text31       00818
___xxtofl@arg            cstackCOMMON 0007A
___xxtofl@exp            cstackCOMMON 00079
___xxtofl@sign           cstackCOMMON 00078
___xxtofl@val            cstackCOMMON 00070
__end_of_ADC_Init        text36       01EF1
__end_of_ADC_Read        text35       01F1E
__end_of_UART_Init       text34       01F08
__end_of_UART_Write      text33       01EE6
__end_of_UART_Write_Text text32       01F4D
__end_of__Umul8_16       text21       0102B
__end_of___awdiv         text26       012ED
__end_of___awmod         text25       01184
__end_of___fladd         text18       00B03
__end_of___fldiv         text24       01800
__end_of___fleq          text23       01131
__end_of___flge          text22       013F7
__end_of___flmul         text20       00D5A
__end_of___flneg         text19       01EFC
__end_of___flsub         text17       01FBE
__end_of___fltol         text16       00081
__end_of___fpclassifyf   text15       0136C
__end_of___wmul          text30       01F9E
__end_of___xxtofl        text31       008C4
__end_of__initialization cinit        007FD
__end_of_atoi            text27       0148B
__end_of_efgtoa          text5        007DE
__end_of_floorf          text14       0164C
__end_of_fputc           text12       01235
__end_of_fputs           text11       01054
__end_of_isdigit         text29       01F65
__end_of_isspace         text28       01FDF
__end_of_isupper         text7        00818
__end_of_main            maintext     01561
__end_of_pad             text9        0128E
__end_of_putch           text13       00007
__end_of_sprintf         text1        01080
__end_of_strcpy          text8        02000
__end_of_strlen          text10       01F7F
__end_of_strncmp         text4        011DC
__end_of_tolower         text6        01F35
__end_of_vfpfcnvrt       text3        01000
__end_of_vfprintf        text2        010B1
__initialization         cinit        007DE
__pbssBANK1              bssBANK1     000ED
__pbssBANK2              bssBANK2     00136
__pbssBANK3              bssBANK3     001A0
__pcstackBANK0           cstackBANK0  00020
__pcstackBANK1           cstackBANK1  000A0
__pcstackBANK2           cstackBANK2  00120
__pcstackCOMMON          cstackCOMMON 00070
__pdataBANK4             dataBANK4    00220
__pidataBANK4            idataBANK4   010B1
__pmaintext              maintext     0148B
__pnvBANK2               nvBANK2      00144
__pstringtext1           stringtext1  02000
__pstringtext2           stringtext2  02010
__pstringtext3           stringtext3  02014
__pstringtext4           stringtext4  02018
__pstringtext5           stringtext5  0201C
__pstringtext6           stringtext6  02020
__pstringtext7           stringtext7  00000
__ptext1                 text1        01054
__ptext10                text10       01F65
__ptext11                text11       0102B
__ptext12                text12       011DC
__ptext13                text13       00006
__ptext14                text14       01561
__ptext15                text15       012ED
__ptext16                text16       0000D
__ptext17                text17       01F9E
__ptext18                text18       008C4
__ptext19                text19       01EF1
__ptext2                 text2        01080
__ptext20                text20       00B03
__ptext21                text21       01008
__ptext22                text22       0136C
__ptext23                text23       010E3
__ptext24                text24       0164C
__ptext25                text25       01131
__ptext26                text26       0128E
__ptext27                text27       013F7
__ptext28                text28       01FBE
__ptext29                text29       01F4D
__ptext3                 text3        00D5A
__ptext30                text30       01F7F
__ptext31                text31       00818
__ptext32                text32       01F35
__ptext33                text33       01EDC
__ptext34                text34       01EFC
__ptext35                text35       01F08
__ptext36                text36       01EE6
__ptext4                 text4        01184
__ptext5                 text5        00081
__ptext6                 text6        01F1E
__ptext7                 text7        00800
__ptext8                 text8        01FDF
__ptext9                 text9        01235
_atoi                    text27       013F7
_bufferTx                dataBANK4    00220
_conver                  nvBANK2      0014C
_dbuf                    bssBANK3     001A0
_efgtoa                  text5        00081
_efgtoa$890              cstackBANK1  000A0
_efgtoa$898              cstackBANK1  000A2
_efgtoa$899              cstackBANK1  000A4
_flags                   bssBANK1     000ED
_floorf                  text14       01561
_fputc                   text12       011DC
_fputs                   text11       0102B
_isdigit                 text29       01F4D
_isspace                 text28       01FBE
_isspace$977             cstackCOMMON 00074
_isupper                 text7        00800
_main                    maintext     0148B
_nout                    bssBANK2     0013E
_pad                     text9        01235
_pot1                    nvBANK2      00148
_pot2                    nvBANK2      00144
_prec                    bssBANK2     00142
_putch                   text13       00006
_sprintf                 text1        01054
_strcpy                  text8        01FDF
_strlen                  text10       01F65
_strncmp                 text4        01184
_tolower                 text6        01F1E
_vfpfcnvrt               text3        00D5A
_vfprintf                text2        01080
_width                   bssBANK2     00140
atoi@n                   cstackBANK0  00022
atoi@neg                 cstackBANK0  00020
atoi@s                   cstackCOMMON 00076
btemp                    (abs)        0007E
clear_ram0               clrtext      01002
efgtoa@c                 cstackBANK0  0006C
efgtoa@d                 cstackBANK1  000B2
efgtoa@e                 cstackBANK1  000CB
efgtoa@f                 cstackBANK0  00068
efgtoa@fp                cstackBANK1  000B6
efgtoa@g                 cstackBANK1  000C7
efgtoa@h                 cstackBANK1  000BD
efgtoa@i                 cstackBANK1  000C5
efgtoa@l                 cstackBANK1  000C1
efgtoa@m                 cstackBANK1  000AC
efgtoa@mode              cstackBANK1  000BC
efgtoa@n                 cstackBANK1  000CD
efgtoa@ne                cstackBANK1  000AA
efgtoa@nmode             cstackBANK1  000BB
efgtoa@ou                cstackBANK1  000AE
efgtoa@p                 cstackBANK1  000B7
efgtoa@pp                cstackBANK1  000A8
efgtoa@sign              cstackBANK1  000B4
efgtoa@t                 cstackBANK1  000A6
efgtoa@u                 cstackBANK1  000CF
efgtoa@w                 cstackBANK1  000B9
end_of_initialization    cinit        007FD
floorf@F526              bssBANK2     00136
floorf@e                 cstackBANK0  00062
floorf@m                 cstackBANK0  0005E
floorf@u                 cstackBANK0  00064
floorf@x                 cstackBANK0  00054
fputc@c                  cstackCOMMON 00070
fputc@fp                 cstackCOMMON 00072
fputs@c                  cstackBANK0  00020
fputs@fp                 cstackCOMMON 00078
fputs@i                  cstackBANK0  00021
fputs@s                  cstackBANK0  00023
init_ram                 inittext     00007
intlevel0                functab      00000
intlevel1                functab      00000
intlevel2                functab      00000
intlevel3                functab      00000
intlevel4                functab      00000
intlevel5                functab      00000
isdigit@c                cstackCOMMON 00070
isspace@c                cstackCOMMON 00070
isupper@c                cstackCOMMON 00070
pad@buf                  cstackBANK0  00024
pad@fp                   cstackBANK0  0002B
pad@i                    cstackBANK0  00027
pad@p                    cstackBANK0  00025
pad@w                    cstackBANK0  00029
reset_vec                reset_vec    00000
sprintf@ap               cstackBANK2  0012B
sprintf@f                cstackBANK2  0012C
sprintf@fmt              cstackBANK2  00120
sprintf@s                cstackBANK2  0012A
start                    init         00002
start_initialization     cinit        007DE
strcpy@d                 cstackCOMMON 00076
strcpy@dest              cstackCOMMON 00077
strcpy@s                 cstackCOMMON 00074
strcpy@src               cstackCOMMON 00070
strlen@a                 cstackCOMMON 00073
strlen@s                 cstackCOMMON 00074
strncmp@_l               cstackCOMMON 00075
strncmp@_r               cstackCOMMON 00070
strncmp@l                cstackCOMMON 00078
strncmp@n                cstackCOMMON 00072
strncmp@r                cstackCOMMON 00076
tolower@c                cstackCOMMON 00076
vfpfcnvrt@ap             cstackBANK1  000D4
vfpfcnvrt@c              cstackBANK1  000E1
vfpfcnvrt@ct             cstackBANK1  000DE
vfpfcnvrt@f              cstackBANK1  000DA
vfpfcnvrt@fmt            cstackBANK1  000D3
vfpfcnvrt@fp             cstackBANK1  000E2
vfprintf@ap              cstackBANK1  000E5
vfprintf@cfmt            cstackBANK1  000E9
vfprintf@fmt             cstackBANK1  000E3
vfprintf@fp              cstackBANK1  000E8
wtemp0                   (abs)        0007E


MODULE INFORMATION

Module		Function		Class		Link	Load	Size
C:\Program Files\Microchip\xc8\v2.36\pic\sources\c99\common\putch.c
		_putch         		CODE           	0006	0000	1

C:\Program Files\Microchip\xc8\v2.36\pic\sources\c99\common\putch.c estimated size: 1

UART.c
		_UART_Init     		CODE           	1EFC	0000	12
		_UART_Write_Text		CODE           	1F35	0000	24
		_UART_Write    		CODE           	1EDC	0000	10

UART.c estimated size: 46

C:\Program Files\Microchip\xc8\v2.36\pic\sources\c99\common\nf_fputs.c
		_fputs         		CODE           	102B	0000	41

C:\Program Files\Microchip\xc8\v2.36\pic\sources\c99\common\nf_fputs.c estimated size: 41

C:\Program Files\Microchip\xc8\v2.36\pic\sources\c99\common\strncmp.c
		_strncmp       		CODE           	1184	0000	88

C:\Program Files\Microchip\xc8\v2.36\pic\sources\c99\common\strncmp.c estimated size: 88

C:\Program Files\Microchip\xc8\v2.36\pic\sources\c99\common\tolower.c
		_tolower       		CODE           	1F1E	0000	23

C:\Program Files\Microchip\xc8\v2.36\pic\sources\c99\common\tolower.c estimated size: 23

C:\Program Files\Microchip\xc8\v2.36\pic\sources\c99\common\__fpclassifyf.c
		___fpclassifyf 		CODE           	12ED	0000	127

C:\Program Files\Microchip\xc8\v2.36\pic\sources\c99\common\__fpclassifyf.c estimated size: 127

C:\Program Files\Microchip\xc8\v2.36\pic\sources\c99\common\sprcmul.c
		___flmul       		CODE           	0B03	0000	599

C:\Program Files\Microchip\xc8\v2.36\pic\sources\c99\common\sprcmul.c estimated size: 599

C:\Program Files\Microchip\xc8\v2.36\pic\sources\c99\common\floorf.c
		_floorf        		CODE           	1561	0000	235

C:\Program Files\Microchip\xc8\v2.36\pic\sources\c99\common\floorf.c estimated size: 235

C:\Program Files\Microchip\xc8\v2.36\pic\sources\c99\common\sprcdiv.c
		___fldiv       		CODE           	164C	0000	436

C:\Program Files\Microchip\xc8\v2.36\pic\sources\c99\common\sprcdiv.c estimated size: 436

C:\Program Files\Microchip\xc8\v2.36\pic\sources\c99\common\atoi.c
		_atoi          		CODE           	13F7	0000	148

C:\Program Files\Microchip\xc8\v2.36\pic\sources\c99\common\atoi.c estimated size: 148

C:\Program Files\Microchip\xc8\v2.36\pic\sources\c99\common\fleq.c
		___fleq        		CODE           	10E3	0000	78

C:\Program Files\Microchip\xc8\v2.36\pic\sources\c99\common\fleq.c estimated size: 78

C:\Program Files\Microchip\xc8\v2.36\pic\sources\c99\common\awmod.c
		___awmod       		CODE           	1131	0000	83

C:\Program Files\Microchip\xc8\v2.36\pic\sources\c99\common\awmod.c estimated size: 83

C:\Program Files\Microchip\xc8\v2.36\pic\sources\c99\common\nf_sprintf.c
		_sprintf       		CODE           	1054	0000	44

C:\Program Files\Microchip\xc8\v2.36\pic\sources\c99\common\nf_sprintf.c estimated size: 44

C:\Program Files\Microchip\xc8\v2.36\pic\sources\c99\common\isspace.c
		_isspace       		CODE           	1FBE	0000	33

C:\Program Files\Microchip\xc8\v2.36\pic\sources\c99\common\isspace.c estimated size: 33

C:\Program Files\Microchip\xc8\v2.36\pic\sources\c99\common\xxtofl.c
		___xxtofl      		CODE           	0818	0000	172

C:\Program Files\Microchip\xc8\v2.36\pic\sources\c99\common\xxtofl.c estimated size: 172

C:\Program Files\Microchip\xc8\v2.36\pic\sources\c99\common\Umul8_16.c
		__Umul8_16     		CODE           	1008	0000	35

C:\Program Files\Microchip\xc8\v2.36\pic\sources\c99\common\Umul8_16.c estimated size: 35

C:\Program Files\Microchip\xc8\v2.36\pic\sources\c99\common\strlen.c
		_strlen        		CODE           	1F65	0000	26

C:\Program Files\Microchip\xc8\v2.36\pic\sources\c99\common\strlen.c estimated size: 26

C:\Program Files\Microchip\xc8\v2.36\pic\sources\c99\common\strcpy.c
		_strcpy        		CODE           	1FDF	0000	33

C:\Program Files\Microchip\xc8\v2.36\pic\sources\c99\common\strcpy.c estimated size: 33

C:\Program Files\Microchip\xc8\v2.36\pic\sources\c99\common\nf_fputc.c
		_fputc         		CODE           	11DC	0000	89

C:\Program Files\Microchip\xc8\v2.36\pic\sources\c99\common\nf_fputc.c estimated size: 89

C:\Program Files\Microchip\xc8\v2.36\pic\sources\c99\common\isdigit.c
		_isdigit       		CODE           	1F4D	0000	24

C:\Program Files\Microchip\xc8\v2.36\pic\sources\c99\common\isdigit.c estimated size: 24

C:\Program Files\Microchip\xc8\v2.36\pic\sources\c99\common\sprcadd.c
		___flsub       		CODE           	1F9E	0000	32
		___fladd       		CODE           	08C4	0000	575

C:\Program Files\Microchip\xc8\v2.36\pic\sources\c99\common\sprcadd.c estimated size: 607

C:\Program Files\Microchip\xc8\v2.36\pic\sources\c99\common\awdiv.c
		___awdiv       		CODE           	128E	0000	95

C:\Program Files\Microchip\xc8\v2.36\pic\sources\c99\common\awdiv.c estimated size: 95

C:\Program Files\Microchip\xc8\v2.36\pic\sources\c99\common\doprnt.c
		_vfpfcnvrt     		CODE           	0D5A	0000	678
		_efgtoa        		CODE           	0081	0000	1885
		_pad           		CODE           	1235	0000	89
		_vfprintf      		CODE           	1080	0000	49

C:\Program Files\Microchip\xc8\v2.36\pic\sources\c99\common\doprnt.c estimated size: 2701

C:\Program Files\Microchip\xc8\v2.36\pic\sources\c99\common\fltol.c
		___fltol       		CODE           	000D	0000	116

C:\Program Files\Microchip\xc8\v2.36\pic\sources\c99\common\fltol.c estimated size: 116

shared
		__initialization		CODE           	07DE	0000	31

shared estimated size: 31

C:\Program Files\Microchip\xc8\v2.36\pic\sources\c99\common\flge.c
		___flge        		CODE           	136C	0000	139

C:\Program Files\Microchip\xc8\v2.36\pic\sources\c99\common\flge.c estimated size: 139

ADC_LIB.c
		_ADC_Read      		CODE           	1F08	0000	22
		_ADC_Init      		CODE           	1EE6	0000	11

ADC_LIB.c estimated size: 33

main.c
		_main          		CODE           	148B	0000	214

main.c estimated size: 214

C:\Program Files\Microchip\xc8\v2.36\pic\sources\c99\common\Umul16.c
		___wmul        		CODE           	1F7F	0000	31

C:\Program Files\Microchip\xc8\v2.36\pic\sources\c99\common\Umul16.c estimated size: 31

C:\Program Files\Microchip\xc8\v2.36\pic\sources\c99\common\flneg.c
		___flneg       		CODE           	1EF1	0000	11

C:\Program Files\Microchip\xc8\v2.36\pic\sources\c99\common\flneg.c estimated size: 11

C:\Program Files\Microchip\xc8\v2.36\pic\sources\c99\common\isupper.c
		_isupper       		CODE           	0800	0000	24

C:\Program Files\Microchip\xc8\v2.36\pic\sources\c99\common\isupper.c estimated size: 24

